[INFO] Scanning for projects...
[INFO] 
[INFO] ---------------------< com.example:gestion-salles >---------------------
[INFO] Building Gestion des salles de classe 1.0.0
[INFO]   from pom.xml
[INFO] --------------------------------[ jar ]---------------------------------
[INFO] 
[INFO] >>> javafx:0.0.8:run (default-cli) > process-classes @ gestion-salles >>>
[INFO] 
[INFO] --- resources:3.3.1:resources (default-resources) @ gestion-salles ---
[INFO] Copying 1 resource from src\main\resources to target\classes
[INFO] Copying 5 resources from src\main\resources to target\classes
[INFO] 
[INFO] --- compiler:3.14.1:compile (default-compile) @ gestion-salles ---
[INFO] Nothing to compile - all classes are up to date.
[INFO] 
[INFO] <<< javafx:0.0.8:run (default-cli) < process-classes @ gestion-salles <<<
[INFO] 
[INFO] 
[INFO] --- javafx:0.0.8:run (default-cli) @ gestion-salles ---
[INFO] ------------------------------------------------------------------------
[INFO] BUILD SUCCESS
[INFO] ------------------------------------------------------------------------
[INFO] Total time:  45:24 min
[INFO] Finished at: 2026-08-28T20:48:10+03:00
[INFO] ------------------------------------------------------------------------
